
[1m[46m RUN [49m[22m [36mv4.0.16 [39m[90mC:/Users/jerba/.gemini/antigravity/scratch/gestore-capacitor[39m

[90mstdout[2m | src/services/__tests__/notification-transaction-parser.test.ts[2m > [22m[2mNotificationTransactionParser[2m > [22m[2mshould parse UniCredit expense correctly (Amount before c/o)
[22m[39m­ƒöì Parsing notification from unicredit: UniCredit Title autorizzata op.Internet 60,40 EUR carta *1210 c/o PAYPAL *KICKKICK.IT 12/01/24
­ƒÅª Detected bank keyword in merchant: "PAYPAL *KICKKICK.IT"
ÔÜá´©Å Transaction looks like transfer between accounts - requires user confirmation
   From: bank-account
   To: PAYPAL *KICKKICK.IT

[90mstdout[2m | src/services/__tests__/notification-transaction-parser.test.ts[2m > [22m[2mNotificationTransactionParser[2m > [22m[2mshould parse UniCredit basic payment
[22m[39m­ƒöì Parsing notification from unicredit: Title Pagamento POS 15,00 EUR presso Bar Sport
ÔØî No regex match for unicredit. Trying AI Fallback...

node.exe : Not implemented: 
HTMLCanvasElement's getContext() method: 
without installing the canvas npm package
In riga:1 car:1
+ & "C:\Program Files\nodejs/node.exe" 
"C:\Users\jerba\AppData\Roaming\ ...
+ ~~~~~~~~~~~~~~~~~~~~~~~~~~~~~~~~~~~~~~~~~~~~
~~~~~~~~~~~~~~~~~~~~~~~~~
    + CategoryInfo          : NotSpecified: ( 
   Not implemented...vas npm package:String)  
   [], RemoteException
    + FullyQualifiedErrorId : NativeCommandEr 
   ror
 
[90mstderr[2m | src/services/__tests__/notif
ication-transaction-parser.test.ts[2m > 
[22m[2mNotificationTransactionParser[2m > 
[22m[2mshould parse UniCredit basic payment
[22m[39mÔÜá´©Å AI Fallback failed: Error: 
Canvas context not available
    at C:/Users/jerba/.gemini/antigravity/scra
tch/gestore-capacitor/src/utils/fileHelper.ts:
29:15
    at new Promise (<anonymous>)
    at textToImage (C:/Users/jerba/.gemini/ant
igravity/scratch/gestore-capacitor/src/utils/f
ileHelper.ts:24:10)
    at parseExpenseFromText (C:/Users/jerba/.g
emini/antigravity/scratch/gestore-capacitor/sr
c/utils/ai.ts:137:29)
[90m    at processTicksAndRejections 
(node:internal/process/task_queues:105:5)[39m
    at Function.parseNotification (C:/Users/je
rba/.gemini/antigravity/scratch/gestore-capaci
tor/src/services/notification-transaction-pars
er.ts:129:26)
    at C:/Users/jerba/.gemini/antigravity/scra
tch/gestore-capacitor/src/services/__tests__/n
otification-transaction-parser.test.ts:20:24
    at [90mfile:///C:/Users/jerba/.gemini/ant
igravity/scratch/gestore-capacitor/[39mnode_m
odules/[4m@vitest/runner[24m/dist/index.js:9
15:20

[90mstdout[2m | src/services/__tests__/notification-transaction-parser.test.ts[2m > [22m[2mNotificationTransactionParser[2m > [22m[2mshould parse UniCredit basic payment
[22m[39mÔØî No match found (Regex + AI) for unicredit notification

[90mstdout[2m | src/services/__tests__/notification-transaction-parser.test.ts[2m > [22m[2mNotificationTransactionParser[2m > [22m[2mshould parse Postepay and map to correct account ID
[22m[39m­ƒöì Parsing notification from postepay: PostePay Pagamento su POS 22.50 EUR presso Ristorante Roma

[90mstdout[2m | src/services/__tests__/notification-transaction-parser.test.ts[2m > [22m[2mNotificationTransactionParser[2m > [22m[2mshould parse Revolut expense
[22m[39m­ƒöì Parsing notification from revolut: Revolut Hai speso Ôé¼12,99 da Netflix

[90mstdout[2m | src/services/__tests__/notification-transaction-parser.test.ts[2m > [22m[2mNotificationTransactionParser[2m > [22m[2mshould parse PayPal sent money
[22m[39m­ƒöì Parsing notification from paypal: PayPal Hai inviato 50,00 EUR a Mario Rossi

[90mstdout[2m | src/services/__tests__/notification-transaction-parser.test.ts[2m > [22m[2mNotificationTransactionParser[2m > [22m[2mshould parse Intesa Sanpaolo and map to bank-account
[22m[39m­ƒöì Parsing notification from intesa: Intesa Addebito carta 100,00 EUR presso Amazon

 [31mÔØ»[39m src/services/__tests__/notification-transaction-parser.test.ts [2m([22m[2m6 tests[22m[2m | [22m[31m6 failed[39m[2m)[22m[32m 70[2mms[22m[39m
[31m     [31m├ù[31m should parse UniCredit expense correctly (Amount before c/o)[39m[32m 6[2mms[22m[39m
[31m     [31m├ù[31m should parse UniCredit basic payment[39m[32m 60[2mms[22m[39m
[31m     [31m├ù[31m should parse Postepay and map to correct account ID[39m[32m 1[2mms[22m[39m
[31m     [31m├ù[31m should parse Revolut expense[39m[32m 1[2mms[22m[39m
[31m     [31m├ù[31m should parse PayPal sent money[39m[32m 1[2mms[22m[39m
[31m     [31m├ù[31m should parse Intesa Sanpaolo and map to bank-account[39m[32m 1[2mms[22m[39m

[31mÔÄ»ÔÄ»ÔÄ»ÔÄ»ÔÄ»ÔÄ»ÔÄ»[39m[1m[41m 
Failed Tests 6 
[49m[22m[31mÔÄ»ÔÄ»ÔÄ»ÔÄ»ÔÄ»ÔÄ»ÔÄ»[39m

[41m[1m FAIL [22m[49m src/services/__tests
__/notification-transaction-parser.test.ts[2m
 > [22mNotificationTransactionParser[2m > 
[22mshould parse UniCredit expense correctly 
(Amount before c/o)
[31m[1mReferenceError[22m: indexedDB is 
not defined[39m
[90m [2mÔØ»[22m openDB node_modules/idb/bui
ld/index.js:[2m168:21[22m[39m
[36m [2mÔØ»[22m getDb 
src/utils/db.ts:[2m21:21[22m[39m
    [90m 19| [39m[35mconst[39m getDb 
[33m=[39m ()[33m:[39m [33mPromise[39m[3
3m<[39m[33mIDBPDatabase[39m[33m<[39munkno
wn[33m>>[39m [33m=>[39m {
    [90m 20| [39m    [35mif[39m 
([33m![39mdbPromise) {
    [90m 21| [39m        dbPromise 
[33m=[39m 
[34mopenDB[39m([33mDB_NAME[39m[33m,[39m 
[33mDB_VERSION[39m[33m,[39m {
    [90m   | [39m                    
[31m^[39m
    [90m 22| [39m            
[34mupgrade[39m(db[33m,[39m oldVersion) {
    [90m 23| [39m                [90m// 
Create offline-images store[39m
[90m [2mÔØ»[22m withRetry 
src/utils/db.ts:[2m58:26[22m[39m
[90m [2mÔØ»[22m getAutoTransactionByHash 
src/utils/db.ts:[2m110:16[22m[39m
[90m [2mÔØ»[22m Function.isDuplicate src/se
rvices/auto-transaction-service.ts:[2m36:28[
22m[39m
[90m [2mÔØ»[22m 
Function.addAutoTransaction src/services/auto-
transaction-service.ts:[2m55:20[22m[39m
[90m [2mÔØ»[22m Function.parseNotification 
src/services/notification-transaction-parser.t
s:[2m171:50[22m[39m
[90m [2mÔØ»[22m src/services/__tests__/noti
fication-transaction-parser.test.ts:[2m10:60
[22m[39m

[31m[2mÔÄ»ÔÄ»ÔÄ»ÔÄ»ÔÄ»ÔÄ»ÔÄ»ÔÄ»ÔÄ»ÔÄ»ÔÄ»ÔÄ»Ô
Ä»ÔÄ»ÔÄ»ÔÄ»ÔÄ»ÔÄ»ÔÄ»ÔÄ»ÔÄ»ÔÄ»ÔÄ»ÔÄ»[1/6]ÔÄ»[2
2m[39m

[41m[1m FAIL [22m[49m src/services/__tests
__/notification-transaction-parser.test.ts[2m
 > [22mNotificationTransactionParser[2m > 
[22mshould parse UniCredit basic payment
[31m[1mAssertionError[22m: expected 
undefined to be 15 // Object.is equality[39m

[32m- Expected:[39m 
15

[31m+ Received:[39m 
undefined

[36m [2mÔØ»[22m src/services/__tests__/noti
fication-transaction-parser.test.ts:[2m22:32
[22m[39m
    [90m 20| [39m        const result = 
await 
NotificationTransactionParser.parseNotifiÔÇª
    [90m 21| [39m
    [90m 22| [39m        [34mexpect[39m(re
sult[33m?.[39mamount)[33m.[39m[34mtoBe[3
9m([34m15.00[39m)[33m;[39m
    [90m   | [39m                           
    [31m^[39m
    [90m 23| [39m        [34mexpect[39m(re
sult[33m?.[39maccount)[33m.[39m[34mtoBe[
39m([32m'bank-account'[39m)[33m;[39m
    [90m 24| [39m    })[33m;[39m

[31m[2mÔÄ»ÔÄ»ÔÄ»ÔÄ»ÔÄ»ÔÄ»ÔÄ»ÔÄ»ÔÄ»ÔÄ»ÔÄ»ÔÄ»Ô
Ä»ÔÄ»ÔÄ»ÔÄ»ÔÄ»ÔÄ»ÔÄ»ÔÄ»ÔÄ»ÔÄ»ÔÄ»ÔÄ»[2/6]ÔÄ»[2
2m[39m

[41m[1m FAIL [22m[49m src/services/__tests
__/notification-transaction-parser.test.ts[2m
 > [22mNotificationTransactionParser[2m > 
[22mshould parse Postepay and map to correct 
account ID
[31m[1mReferenceError[22m: indexedDB is 
not defined[39m
[90m [2mÔØ»[22m openDB node_modules/idb/bui
ld/index.js:[2m168:21[22m[39m
[36m [2mÔØ»[22m getDb 
src/utils/db.ts:[2m21:21[22m[39m
    [90m 19| [39m[35mconst[39m getDb 
[33m=[39m ()[33m:[39m [33mPromise[39m[3
3m<[39m[33mIDBPDatabase[39m[33m<[39munkno
wn[33m>>[39m [33m=>[39m {
    [90m 20| [39m    [35mif[39m 
([33m![39mdbPromise) {
    [90m 21| [39m        dbPromise 
[33m=[39m 
[34mopenDB[39m([33mDB_NAME[39m[33m,[39m 
[33mDB_VERSION[39m[33m,[39m {
    [90m   | [39m                    
[31m^[39m
    [90m 22| [39m            
[34mupgrade[39m(db[33m,[39m oldVersion) {
    [90m 23| [39m                [90m// 
Create offline-images store[39m
[90m [2mÔØ»[22m withRetry 
src/utils/db.ts:[2m58:26[22m[39m
[90m [2mÔØ»[22m getAutoTransactionByHash 
src/utils/db.ts:[2m110:16[22m[39m
[90m [2mÔØ»[22m Function.isDuplicate src/se
rvices/auto-transaction-service.ts:[2m36:28[
22m[39m
[90m [2mÔØ»[22m 
Function.addAutoTransaction src/services/auto-
transaction-service.ts:[2m55:20[22m[39m
[90m [2mÔØ»[22m Function.parseNotification 
src/services/notification-transaction-parser.t
s:[2m189:48[22m[39m
[90m [2mÔØ»[22m src/services/__tests__/noti
fication-transaction-parser.test.ts:[2m30:60
[22m[39m

[31m[2mÔÄ»ÔÄ»ÔÄ»ÔÄ»ÔÄ»ÔÄ»ÔÄ»ÔÄ»ÔÄ»ÔÄ»ÔÄ»ÔÄ»Ô
Ä»ÔÄ»ÔÄ»ÔÄ»ÔÄ»ÔÄ»ÔÄ»ÔÄ»ÔÄ»ÔÄ»ÔÄ»ÔÄ»[3/6]ÔÄ»[2
2m[39m

[41m[1m FAIL [22m[49m src/services/__tests
__/notification-transaction-parser.test.ts[2m
 > [22mNotificationTransactionParser[2m > 
[22mshould parse Revolut expense
[31m[1mReferenceError[22m: indexedDB is 
not defined[39m
[90m [2mÔØ»[22m openDB node_modules/idb/bui
ld/index.js:[2m168:21[22m[39m
[36m [2mÔØ»[22m getDb 
src/utils/db.ts:[2m21:21[22m[39m
    [90m 19| [39m[35mconst[39m getDb 
[33m=[39m ()[33m:[39m [33mPromise[39m[3
3m<[39m[33mIDBPDatabase[39m[33m<[39munkno
wn[33m>>[39m [33m=>[39m {
    [90m 20| [39m    [35mif[39m 
([33m![39mdbPromise) {
    [90m 21| [39m        dbPromise 
[33m=[39m 
[34mopenDB[39m([33mDB_NAME[39m[33m,[39m 
[33mDB_VERSION[39m[33m,[39m {
    [90m   | [39m                    
[31m^[39m
    [90m 22| [39m            
[34mupgrade[39m(db[33m,[39m oldVersion) {
    [90m 23| [39m                [90m// 
Create offline-images store[39m
[90m [2mÔØ»[22m withRetry 
src/utils/db.ts:[2m58:26[22m[39m
[90m [2mÔØ»[22m getAutoTransactionByHash 
src/utils/db.ts:[2m110:16[22m[39m
[90m [2mÔØ»[22m Function.isDuplicate src/se
rvices/auto-transaction-service.ts:[2m36:28[
22m[39m
[90m [2mÔØ»[22m 
Function.addAutoTransaction src/services/auto-
transaction-service.ts:[2m55:20[22m[39m
[90m [2mÔØ»[22m Function.parseNotification 
src/services/notification-transaction-parser.t
s:[2m189:48[22m[39m
[90m [2mÔØ»[22m src/services/__tests__/noti
fication-transaction-parser.test.ts:[2m40:60
[22m[39m

[31m[2mÔÄ»ÔÄ»ÔÄ»ÔÄ»ÔÄ»ÔÄ»ÔÄ»ÔÄ»ÔÄ»ÔÄ»ÔÄ»ÔÄ»Ô
Ä»ÔÄ»ÔÄ»ÔÄ»ÔÄ»ÔÄ»ÔÄ»ÔÄ»ÔÄ»ÔÄ»ÔÄ»ÔÄ»[4/6]ÔÄ»[2
2m[39m

[41m[1m FAIL [22m[49m src/services/__tests
__/notification-transaction-parser.test.ts[2m
 > [22mNotificationTransactionParser[2m > 
[22mshould parse PayPal sent money
[31m[1mReferenceError[22m: indexedDB is 
not defined[39m
[90m [2mÔØ»[22m openDB node_modules/idb/bui
ld/index.js:[2m168:21[22m[39m
[36m [2mÔØ»[22m getDb 
src/utils/db.ts:[2m21:21[22m[39m
    [90m 19| [39m[35mconst[39m getDb 
[33m=[39m ()[33m:[39m [33mPromise[39m[3
3m<[39m[33mIDBPDatabase[39m[33m<[39munkno
wn[33m>>[39m [33m=>[39m {
    [90m 20| [39m    [35mif[39m 
([33m![39mdbPromise) {
    [90m 21| [39m        dbPromise 
[33m=[39m 
[34mopenDB[39m([33mDB_NAME[39m[33m,[39m 
[33mDB_VERSION[39m[33m,[39m {
    [90m   | [39m                    
[31m^[39m
    [90m 22| [39m            
[34mupgrade[39m(db[33m,[39m oldVersion) {
    [90m 23| [39m                [90m// 
Create offline-images store[39m
[90m [2mÔØ»[22m withRetry 
src/utils/db.ts:[2m58:26[22m[39m
[90m [2mÔØ»[22m getAutoTransactionByHash 
src/utils/db.ts:[2m110:16[22m[39m
[90m [2mÔØ»[22m Function.isDuplicate src/se
rvices/auto-transaction-service.ts:[2m36:28[
22m[39m
[90m [2mÔØ»[22m 
Function.addAutoTransaction src/services/auto-
transaction-service.ts:[2m55:20[22m[39m
[90m [2mÔØ»[22m Function.parseNotification 
src/services/notification-transaction-parser.t
s:[2m189:48[22m[39m
[90m [2mÔØ»[22m src/services/__tests__/noti
fication-transaction-parser.test.ts:[2m49:60
[22m[39m

[31m[2mÔÄ»ÔÄ»ÔÄ»ÔÄ»ÔÄ»ÔÄ»ÔÄ»ÔÄ»ÔÄ»ÔÄ»ÔÄ»ÔÄ»Ô
Ä»ÔÄ»ÔÄ»ÔÄ»ÔÄ»ÔÄ»ÔÄ»ÔÄ»ÔÄ»ÔÄ»ÔÄ»ÔÄ»[5/6]ÔÄ»[2
2m[39m

[41m[1m FAIL [22m[49m src/services/__tests
__/notification-transaction-parser.test.ts[2m
 > [22mNotificationTransactionParser[2m > 
[22mshould parse Intesa Sanpaolo and map to 
bank-account
[31m[1mReferenceError[22m: indexedDB is 
not defined[39m
[90m [2mÔØ»[22m openDB node_modules/idb/bui
ld/index.js:[2m168:21[22m[39m
[36m [2mÔØ»[22m getDb 
src/utils/db.ts:[2m21:21[22m[39m
    [90m 19| [39m[35mconst[39m getDb 
[33m=[39m ()[33m:[39m [33mPromise[39m[3
3m<[39m[33mIDBPDatabase[39m[33m<[39munkno
wn[33m>>[39m [33m=>[39m {
    [90m 20| [39m    [35mif[39m 
([33m![39mdbPromise) {
    [90m 21| [39m        dbPromise 
[33m=[39m 
[34mopenDB[39m([33mDB_NAME[39m[33m,[39m 
[33mDB_VERSION[39m[33m,[39m {
    [90m   | [39m                    
[31m^[39m
    [90m 22| [39m            
[34mupgrade[39m(db[33m,[39m oldVersion) {
    [90m 23| [39m                [90m// 
Create offline-images store[39m
[90m [2mÔØ»[22m withRetry 
src/utils/db.ts:[2m58:26[22m[39m
[90m [2mÔØ»[22m getAutoTransactionByHash 
src/utils/db.ts:[2m110:16[22m[39m
[90m [2mÔØ»[22m Function.isDuplicate src/se
rvices/auto-transaction-service.ts:[2m36:28[
22m[39m
[90m [2mÔØ»[22m 
Function.addAutoTransaction src/services/auto-
transaction-service.ts:[2m55:20[22m[39m
[90m [2mÔØ»[22m Function.parseNotification 
src/services/notification-transaction-parser.t
s:[2m189:48[22m[39m
[90m [2mÔØ»[22m src/services/__tests__/noti
fication-transaction-parser.test.ts:[2m58:60
[22m[39m

[31m[2mÔÄ»ÔÄ»ÔÄ»ÔÄ»ÔÄ»ÔÄ»ÔÄ»ÔÄ»ÔÄ»ÔÄ»ÔÄ»ÔÄ»Ô
Ä»ÔÄ»ÔÄ»ÔÄ»ÔÄ»ÔÄ»ÔÄ»ÔÄ»ÔÄ»ÔÄ»ÔÄ»ÔÄ»[6/6]ÔÄ»[2
2m[39m


[2m Test Files [22m [1m[31m1 failed[39m[22m[90m (1)[39m
[2m      Tests [22m [1m[31m6 failed[39m[22m[90m (6)[39m
[2m   Start at [22m 11:14:51
[2m   Duration [22m 788ms[2m (transform 82ms, setup 0ms, import 86ms, tests 70ms, environment 498ms)[22m

